#! /c/Source/iverilog-install/bin/vvp
:ivl_version "12.0 (devel)" "(s20150603-1539-g2693dd32b)";
:ivl_delay_selection "TYPICAL";
:vpi_time_precision + 0;
:vpi_module "D:\iverilog\iverilog\lib\ivl\system.vpi";
:vpi_module "D:\iverilog\iverilog\lib\ivl\vhdl_sys.vpi";
:vpi_module "D:\iverilog\iverilog\lib\ivl\vhdl_textio.vpi";
:vpi_module "D:\iverilog\iverilog\lib\ivl\v2005_math.vpi";
:vpi_module "D:\iverilog\iverilog\lib\ivl\va_math.vpi";
S_0000022cc5fa24d0 .scope module, "tb_hello" "tb_hello" 2 1;
 .timescale 0 0;
v0000022cc5fa2890_0 .var "clk", 0 0;
v0000022cc5fd4600_0 .var "cnt", 31 0;
E_0000022cc611bfb0 .event posedge, v0000022cc5fa2890_0;
S_0000022cc5fa2660 .scope module, "code1" "code1" 2 8, 3 1 0, S_0000022cc5fa24d0;
 .timescale 0 0;
v0000022cc5fa27f0_0 .var "clk", 0 0;
v0000022cc611b390_0 .var "cnt1", 31 0;
E_0000022cc611bdb0 .event posedge, v0000022cc5fa27f0_0;
    .scope S_0000022cc5fa2660;
T_0 ;
    %pushi/vec4 1, 0, 1;
    %store/vec4 v0000022cc5fa27f0_0, 0, 1;
    %pushi/vec4 0, 0, 32;
    %store/vec4 v0000022cc611b390_0, 0, 32;
    %end;
    .thread T_0;
    .scope S_0000022cc5fa2660;
T_1 ;
    %vpi_call 3 2 "$dumpvars", 32'sb00000000000000000000000000000000, S_0000022cc5fa2660 {0 0 0};
    %end;
    .thread T_1;
    .scope S_0000022cc5fa2660;
T_2 ;
    %delay 10000, 0;
    %load/vec4 v0000022cc5fa27f0_0;
    %inv;
    %store/vec4 v0000022cc5fa27f0_0, 0, 1;
    %jmp T_2;
    .thread T_2;
    .scope S_0000022cc5fa2660;
T_3 ;
    %wait E_0000022cc611bdb0;
    %load/vec4 v0000022cc611b390_0;
    %cmpi/u 5, 0, 32;
    %jmp/0xz  T_3.0, 5;
    %load/vec4 v0000022cc611b390_0;
    %addi 1, 0, 32;
    %assign/vec4 v0000022cc611b390_0, 0;
    %jmp T_3.1;
T_3.0 ;
    %vpi_call 3 11 "$display", "hello world" {0 0 0};
    %vpi_call 3 12 "$finish" {0 0 0};
T_3.1 ;
    %jmp T_3;
    .thread T_3;
    .scope S_0000022cc5fa24d0;
T_4 ;
    %pushi/vec4 1, 0, 1;
    %store/vec4 v0000022cc5fa2890_0, 0, 1;
    %pushi/vec4 0, 0, 32;
    %store/vec4 v0000022cc5fd4600_0, 0, 32;
    %end;
    .thread T_4;
    .scope S_0000022cc5fa24d0;
T_5 ;
    %vpi_call 2 2 "$dumpvars", 32'sb00000000000000000000000000000000, S_0000022cc5fa24d0 {0 0 0};
    %end;
    .thread T_5;
    .scope S_0000022cc5fa24d0;
T_6 ;
    %delay 10000, 0;
    %load/vec4 v0000022cc5fa2890_0;
    %inv;
    %store/vec4 v0000022cc5fa2890_0, 0, 1;
    %jmp T_6;
    .thread T_6;
    .scope S_0000022cc5fa24d0;
T_7 ;
    %wait E_0000022cc611bfb0;
    %load/vec4 v0000022cc5fd4600_0;
    %cmpi/u 5, 0, 32;
    %jmp/0xz  T_7.0, 5;
    %load/vec4 v0000022cc5fd4600_0;
    %addi 1, 0, 32;
    %assign/vec4 v0000022cc5fd4600_0, 0;
    %jmp T_7.1;
T_7.0 ;
    %vpi_call 2 13 "$display", "hello world" {0 0 0};
    %vpi_call 2 14 "$finish" {0 0 0};
T_7.1 ;
    %jmp T_7;
    .thread T_7;
# The file index is used to find the file name in the following table.
:file_names 4;
    "N/A";
    "<interactive>";
    "code.v";
    "./slv_module/code1.v";
